g0 fixture listening on http://127.0.0.1:4317
wrote UI manifest: hosts/vue/public/app.uiko-manifest.json
uiko G0 gateway listening on http://127.0.0.1:3001

> @uiko/vue-host@0.0.1 dev
> vite --host 127.0.0.1 --port 4319 --strictPort


  VITE v7.3.6  ready in 147 ms

  ➜  Local:   http://127.0.0.1:4319/
{
  "taskId": "G0-D01",
  "arm": "C_UIKO",
  "success": true,
  "fatalError": null,
  "criteria": [
    {
      "index": 0,
      "passed": true,
      "evidence": "initial render issues listCustomers exactly once"
    },
    {
      "index": 1,
      "passed": true,
      "evidence": "table renders fixture names, emails and statuses"
    },
    {
      "index": 2,
      "passed": true,
      "evidence": "loading indicator is visible while listCustomers is pending"
    },
    {
      "index": 3,
      "passed": true,
      "evidence": "customer fixture values are not hard-coded in measured sources"
    }
  ]
}
